2026-06-14 01:39:52,522 - INFO - Prediction request received
2026-06-14 01:39:52,522 - INFO - Loading scaler
2026-06-14 01:39:52,523 - INFO - Applying feature scaling
2026-06-14 01:39:52,569 - INFO - Loading model: Logistic Regression
2026-06-14 01:39:52,680 - INFO - Generating predictions
2026-06-14 01:39:52,680 - INFO - Generating probabilities
2026-06-14 01:39:52,681 - INFO - Prediction completed successfully
2026-06-14 01:40:02,992 - INFO - Prediction request received
2026-06-14 01:40:02,992 - INFO - Loading scaler
2026-06-14 01:40:02,993 - INFO - Applying feature scaling
2026-06-14 01:40:02,995 - INFO - Loading model: Decision Tree
2026-06-14 01:40:03,086 - INFO - Generating predictions
2026-06-14 01:40:03,087 - INFO - Generating probabilities
2026-06-14 01:40:03,088 - INFO - Prediction completed successfully
2026-06-14 01:40:08,170 - INFO - Prediction request received
2026-06-14 01:40:08,170 - INFO - Loading scaler
2026-06-14 01:40:08,171 - INFO - Applying feature scaling
2026-06-14 01:40:08,173 - INFO - Loading model: KNN
2026-06-14 01:40:08,175 - INFO - Generating predictions
2026-06-14 01:40:08,209 - INFO - Generating probabilities
2026-06-14 01:40:08,238 - INFO - Prediction completed successfully
2026-06-14 01:40:10,428 - INFO - Prediction request received
2026-06-14 01:40:10,428 - INFO - Loading scaler
2026-06-14 01:40:10,429 - INFO - Applying feature scaling
2026-06-14 01:40:10,431 - INFO - Loading model: Naive Bayes
2026-06-14 01:40:10,438 - INFO - Generating predictions
2026-06-14 01:40:10,438 - INFO - Generating probabilities
2026-06-14 01:40:10,439 - INFO - Prediction completed successfully
2026-06-14 01:40:12,499 - INFO - Prediction request received
2026-06-14 01:40:12,499 - INFO - Loading scaler
2026-06-14 01:40:12,500 - INFO - Applying feature scaling
2026-06-14 01:40:12,501 - INFO - Loading model: Random Forest
2026-06-14 01:40:12,577 - INFO - Generating predictions
2026-06-14 01:40:12,603 - INFO - Generating probabilities
2026-06-14 01:40:12,631 - INFO - Prediction completed successfully
2026-06-14 01:40:15,194 - INFO - Prediction request received
2026-06-14 01:40:15,194 - INFO - Loading scaler
2026-06-14 01:40:15,195 - INFO - Applying feature scaling
2026-06-14 01:40:15,197 - INFO - Loading model: XGBoost
2026-06-14 01:40:15,242 - INFO - Generating predictions
2026-06-14 01:40:15,244 - INFO - Generating probabilities
2026-06-14 01:40:15,246 - INFO - Prediction completed successfully
2026-06-14 01:40:19,306 - INFO - Prediction request received
2026-06-14 01:40:19,306 - INFO - Loading scaler
2026-06-14 01:40:19,307 - INFO - Applying feature scaling
2026-06-14 01:40:19,310 - INFO - Loading model: Random Forest
2026-06-14 01:40:19,338 - INFO - Generating predictions
2026-06-14 01:40:19,357 - INFO - Generating probabilities
2026-06-14 01:40:19,376 - INFO - Prediction completed successfully
2026-06-14 01:40:21,974 - INFO - Prediction request received
2026-06-14 01:40:21,974 - INFO - Loading scaler
2026-06-14 01:40:21,974 - INFO - Applying feature scaling
2026-06-14 01:40:21,976 - INFO - Loading model: XGBoost
2026-06-14 01:40:21,981 - INFO - Generating predictions
2026-06-14 01:40:21,985 - INFO - Generating probabilities
2026-06-14 01:40:21,987 - INFO - Prediction completed successfully
2026-06-14 01:40:25,642 - INFO - Prediction request received
2026-06-14 01:40:25,642 - INFO - Loading scaler
2026-06-14 01:40:25,643 - INFO - Applying feature scaling
2026-06-14 01:40:25,645 - INFO - Loading model: XGBoost
2026-06-14 01:40:25,653 - INFO - Generating predictions
2026-06-14 01:40:25,660 - INFO - Generating probabilities
2026-06-14 01:40:25,665 - INFO - Prediction completed successfully
2026-06-14 01:40:27,781 - INFO - Prediction request received
2026-06-14 01:40:27,782 - INFO - Loading scaler
2026-06-14 01:40:27,782 - INFO - Applying feature scaling
2026-06-14 01:40:27,784 - INFO - Loading model: XGBoost
2026-06-14 01:40:27,790 - INFO - Generating predictions
2026-06-14 01:40:27,797 - INFO - Generating probabilities
2026-06-14 01:40:27,801 - INFO - Prediction completed successfully
2026-06-14 01:43:00,317 - INFO - Prediction request received
2026-06-14 01:43:00,317 - INFO - Loading scaler
2026-06-14 01:43:00,318 - INFO - Applying feature scaling
2026-06-14 01:43:00,370 - INFO - Loading model: Logistic Regression
2026-06-14 01:43:00,456 - INFO - Generating predictions
2026-06-14 01:43:00,457 - INFO - Generating probabilities
2026-06-14 01:43:00,457 - INFO - Prediction completed successfully
2026-06-14 01:43:05,528 - INFO - Prediction request received
2026-06-14 01:43:05,528 - INFO - Loading scaler
2026-06-14 01:43:05,529 - INFO - Applying feature scaling
2026-06-14 01:43:05,530 - INFO - Loading model: Decision Tree
2026-06-14 01:43:05,588 - INFO - Generating predictions
2026-06-14 01:43:05,588 - INFO - Generating probabilities
2026-06-14 01:43:05,589 - INFO - Prediction completed successfully
2026-06-14 01:43:08,725 - INFO - Prediction request received
2026-06-14 01:43:08,725 - INFO - Loading scaler
2026-06-14 01:43:08,725 - INFO - Applying feature scaling
2026-06-14 01:43:08,727 - INFO - Loading model: KNN
2026-06-14 01:43:08,728 - INFO - Generating predictions
2026-06-14 01:43:08,761 - INFO - Generating probabilities
2026-06-14 01:43:08,798 - INFO - Prediction completed successfully
2026-06-14 01:43:10,838 - INFO - Prediction request received
2026-06-14 01:43:10,838 - INFO - Loading scaler
2026-06-14 01:43:10,838 - INFO - Applying feature scaling
2026-06-14 01:43:10,840 - INFO - Loading model: Naive Bayes
2026-06-14 01:43:10,844 - INFO - Generating predictions
2026-06-14 01:43:10,845 - INFO - Generating probabilities
2026-06-14 01:43:10,846 - INFO - Prediction completed successfully
2026-06-14 01:43:13,161 - INFO - Prediction request received
2026-06-14 01:43:13,161 - INFO - Loading scaler
2026-06-14 01:43:13,162 - INFO - Applying feature scaling
2026-06-14 01:43:13,164 - INFO - Loading model: Random Forest
2026-06-14 01:43:13,242 - INFO - Generating predictions
2026-06-14 01:43:13,270 - INFO - Generating probabilities
2026-06-14 01:43:13,304 - INFO - Prediction completed successfully
2026-06-14 01:43:15,146 - INFO - Prediction request received
2026-06-14 01:43:15,147 - INFO - Loading scaler
2026-06-14 01:43:15,148 - INFO - Applying feature scaling
2026-06-14 01:43:15,150 - INFO - Loading model: XGBoost
2026-06-14 01:43:15,188 - INFO - Generating predictions
2026-06-14 01:43:15,190 - INFO - Generating probabilities
2026-06-14 01:43:15,192 - INFO - Prediction completed successfully
2026-06-14 01:43:21,867 - INFO - Prediction request received
2026-06-14 01:43:21,867 - INFO - Loading scaler
2026-06-14 01:43:21,868 - INFO - Applying feature scaling
2026-06-14 01:43:21,870 - INFO - Loading model: XGBoost
2026-06-14 01:43:21,875 - INFO - Generating predictions
2026-06-14 01:43:21,877 - INFO - Generating probabilities
2026-06-14 01:43:21,879 - INFO - Prediction completed successfully
